// Jest Snapshot v1, https://goo.gl/fbAQLP

exports[`Reducers initialState returns initial state snapshot 1`] = `
Object {
  "counter": 0,
  "error": null,
  "locale": "en",
}
`;
